<html>
<body>
<pre>
<h1>µVision Build Log</h1>
<h2>Project:</h2>
C:\Users\htlu\Documents\mcu\prj\DHT11-STM32F1\MDK-ARM\DHT11-STM32F1.uvproj
Project File Date:  05/17/2015

<h2>Output:</h2>
Rebuild target 'DHT11-STM32F1 Configuration'
compiling system_stm32f1xx.c...
compiling stm32f1xx_hal_flash_ex.c...
compiling stm32f1xx_hal_gpio.c...
compiling stm32f1xx_hal_dma.c...
compiling stm32f1xx_hal_rcc_ex.c...
compiling stm32f1xx_hal.c...
compiling stm32f1xx_hal_cortex.c...
compiling stm32f1xx_hal_pwr.c...
compiling stm32f1xx_hal_gpio_ex.c...
compiling stm32f1xx_hal_uart.c...
compiling stm32f1xx_hal_flash.c...
compiling stm32f1xx_hal_rcc.c...
compiling stm32f1xx_it.c...
compiling main.c...
compiling stm32f1xx_hal_msp.c...
assembling startup_stm32f103xb.s...
linking...
Program Size: Code=5076 RO-data=284 RW-data=28 ZI-data=1092  
"DHT11-STM32F1 Configuration\DHT11-STM32F1 Configuration.axf" - 0 Error(s), 0 Warning(s).
</pre>
</body>
</html>
SART_FLAG_TXE) == RESET)
..\Src\main.c: 1 warning, 4 errors
"..\Src\main.c" - 4 Error(s), 1 Warning(s).
compiling main.c...
..\Src\main.c(176): error:  #167: argument of type "int *" is incompatible with parameter of type "uint8_t *"
    HAL_UART_Transmit(&huart1, &ch, 1, 0xFFFF );
..\Src\main.c(179): warning:  #223-D: function "USART_GetFlagStatus" declared implicitly
    while (USART_GetFlagStatus(EVAL_COM1, USART_FLAG_TXE) == RESET)
..\Src\main.c(179): error:  #20: identifier "EVAL_COM1" is undefined
    while (USART_GetFlagStatus(EVAL_COM1, USART_FLAG_TXE) == RESET)
..\Src\main.c(179): error:  #20: identifier "USART_FLAG_TXE" is undefined
    while (USART_GetFlagStatus(EVAL_COM1, USART_FLAG_TXE) == RESET)
..\Src\main.c: 1 warning, 3 errors
"..\Src\main.c" - 3 Error(s), 1 Warning(s).
compiling main.c...
"..\Src\main.c" - 0 Error(s), 0 Warning(s).
