<html>
<body>
<pre>
<h1>µVision Build Log</h1>
<h2>Project:</h2>
G:\STM-MCU\arm\prj\AN3174_FW_V2.0.0\Project\InfraRed\IR_Decoding_PWMI\MDK-ARM\IR_Decoding_PWMI.uvproj
Project File Date:  04/12/2015

<h2>Output:</h2>
Build target 'IR_SIRC_Decoder'
linking...
Program Size: Code=2236 RO-data=268 RW-data=68 ZI-data=1028  
FromELF: creating hex file...
".\IR_SIRC_Decoder\IR_SIRC_Decoder.axf" - 0 Error(s), 0 Warning(s).
Load "G:\\STM-MCU\\arm\\prj\\AN3174_FW_V2.0.0\\Project\\InfraRed\\IR_Decoding_PWMI\\MDK-ARM\\IR_SIRC_Decoder\\IR_SIRC_Decoder.axf" 
Internal DLL Error
Error: Flash Download failed  -  Target DLL has been cancelled
Load "G:\\STM-MCU\\arm\\prj\\AN3174_FW_V2.0.0\\Project\\InfraRed\\IR_Decoding_PWMI\\MDK-ARM\\IR_SIRC_Decoder\\IR_SIRC_Decoder.axf" 
Erase Done.
Programming Done.
Verify OK.
Load "G:\\STM-MCU\\arm\\prj\\AN3174_FW_V2.0.0\\Project\\InfraRed\\IR_Decoding_PWMI\\MDK-ARM\\IR_SIRC_Decoder\\IR_SIRC_Decoder.axf" 
Erase Done.
Programming Done.
Verify OK.
</pre>
</body>
</html>
